# out-degree profile from 123456: d1..d6 = 1/2/6/24/120/566
# rho-orbit class collisions (over all 720 heads, pairs): 0
# CMAX=20 threads=10 split=4 gate=1
# nodes=16571498239  time=152.83s  rate=108.43 Mnode/s
cost  g(c,0,0) g(c,1,0) g(c,0,1) g(c,1,1)
0 & 4 & -- & -- & -- \\
1 & -- & 4 & 4 & 1 \\
2 & 7 & 4 & 4 & 4 \\
3 & 7 & 7 & 7 & 4 \\
4 & 10 & 7 & 7 & 7 \\
5 & 10 & 10 & 10 & 7 \\
6 & 11 & 10 & 10 & 10 \\
7 & 13 & 11 & 11 & 10 \\
8 & 14 & 13 & 13 & 11 \\
9 & 15 & 14 & 14 & 13 \\
10 & 16 & 15 & 15 & 14 \\
11 & 17 & 16 & 16 & 15 \\
12 & 19 & 17 & 17 & 16 \\
13 & 19 & 19 & 19 & 17 \\
14 & 22 & 19 & 19 & 19 \\
15 & 22 & 22 & 22 & 19 \\
16 & 22 & 22 & 22 & 22 \\
17 & 24 & 23 & 23 & 22 \\
18 & 24 & 24 & 24 & 23 \\
19 & 25 & 25 & 25 & 24 \\
20 & 25 & 25 & 25 & 25 \\
W c=19 a=0 b=0 blocks=25 lens=5552553553552541553553555 heads=123456,234156,341256,412356,354216,542316,423516,142536,425136,251436,325416,254316,543216,215364,153264,153246,324516,245316,453216,145236,452136,521436,352416,524316,243516,
W c=19 a=0 b=1 blocks=25 lens=5535535525525535535525553 heads=123456,234156,341256,534216,342516,425316,142356,423156,231456,452163,521463,214536,532416,324516,245316,124356,243156,431256,543216,432516,325416,413526,135426,354126,541326,
W c=19 a=1 b=0 blocks=25 lens=3555255355355255255355355 heads=123456,512436,124536,245136,451236,234156,341256,412356,541326,413526,135426,213456,134256,342156,153264,532164,321546,543126,431526,315426,231456,314256,142356,514326,143526,
W c=19 a=1 b=1 blocks=24 lens=453553552552553553552554 heads=123456,123546,235146,423156,231456,314256,531246,312546,125346,341562,415362,153426,421356,213456,134256,513246,132546,325146,432156,321456,214356,352416,524316,243516,
W c=20 a=0 b=0 blocks=25 lens=5551553553552541553553555 heads=123456,234156,341256,412635,263145,631245,312645,431625,316425,164325,216345,163245,632145,146253,462153,462135,213645,136245,362145,436125,361425,614325,261345,613245,132645,
W c=20 a=0 b=1 blocks=25 lens=5552553553552541553553554 heads=123456,234156,341256,412356,354216,542316,423516,142536,425136,251436,325416,254316,543216,215364,153264,153246,324516,245316,453216,145236,452136,521436,352416,524316,243516,
W c=20 a=1 b=0 blocks=25 lens=3555255255355355255255355 heads=123456,512436,124536,245136,451236,234156,341256,412356,354216,542316,423516,142536,425136,251436,325416,254316,543216,215364,153264,532146,145236,452136,521436,352416,524316,
W c=20 a=1 b=1 blocks=25 lens=4535535525525535535525553 heads=123456,123546,235146,423156,231456,314256,531246,312546,125346,341562,415362,153426,421356,213456,134256,513246,132546,325146,432156,321456,214356,352416,524316,243516,435216,
