g(c,a,b), rows 0..16 (free / short-first / short-last / both-short)
   0  4  -  -  -
   1  4  4  4  1
   2  7  4  4  4
   3  7  7  7  4
   4  10  7  7  7
   5  10  10  10  7
   6  11  10  10  10
   7  13  11  11  10
   8  14  13  13  11
   9  15  14  14  13
  10  16  15  15  14
  11  17  16  16  15
  12  19  17  17  16
  13  19  19  19  17
  14  22  19  19  19
  15  22  22  22  19
  16  22  22  22  22

  F(2,8,0,0) =  20  (quoted 20)  OK 
  F(1,13,0,0) =  19  (quoted 19)  OK 
  F(2,15,2,0) =  25  (quoted 25)  OK 
  F(2,15,1,1) =  25  (quoted 25)  OK 
  F(2,14,1,0) =  25  (quoted 25)  OK 
  F(2,12,1,0) =  23  (quoted 23)  OK 
  F(3,15,2,1) =  30  (quoted 30)  OK 
  F(2,13,2,0) =  23  (quoted 23)  OK 
  F(2,14,0,1) =  25  (quoted 25)  OK 
  F(2,12,0,1) =  23  (quoted 23)  OK 
  F(3,15,1,2) =  30  (quoted 30)  OK 
  F(2,13,1,1) =  23  (quoted 23)  OK 
  F(2,14,1,1) =  24  (quoted 24)  OK 
  F(1,14,1,0) =  19  (quoted 19)  OK 
  F(1,12,0,0) =  19  (quoted 19)  OK 
F SELF-CHECK: PASS
